[2026-06-06 15:03:46] Run directory: /home/leizongru/lzr_ws/VINGS-Mono/logs/railway_7seq_20260606_150346
[2026-06-06 15:03:46] Base config: /home/leizongru/lzr_ws/VINGS-Mono/configs/railway.yaml
[2026-06-06 15:03:46] Python: /home/leizongru/miniconda3/envs/vings_vio/bin/python
[2026-06-06 15:03:46] GPUs: 2 3
[2026-06-06 15:03:46] Sequences: scene_05_train scene_11_train scene_13_train scene_14_train scene_16_train scene_17_train scene_19_train
[2026-06-06 15:03:46] No gpu_reserver PID file found.
[2026-06-06 15:03:46] GPU snapshot before launch:
Sat Jun  6 15:03:46 2026       
+-----------------------------------------------------------------------------------------+
| NVIDIA-SMI 610.43.02              KMD Version: 610.43.02     CUDA UMD Version: 13.3     |
+-----------------------------------------+------------------------+----------------------+
| GPU  Name                 Persistence-M | Bus-Id          Disp.A | Volatile Uncorr. ECC |
| Fan  Temp   Perf          Pwr:Usage/Cap |           Memory-Usage | GPU-Util  Compute M. |
|                                         |                        |               MIG M. |
|=========================================+========================+======================|
|   0  NVIDIA GeForce RTX 3090        On  |   00000000:13:00.0 Off |                  N/A |
| 39%   51C    P2            261W /  350W |   23968MiB /  24576MiB |     49%      Default |
|                                         |                        |                  N/A |
+-----------------------------------------+------------------------+----------------------+
|   1  NVIDIA GeForce RTX 3090        On  |   00000000:2E:00.0 Off |                  N/A |
| 30%   53C    P2            242W /  350W |   23968MiB /  24576MiB |     93%      Default |
|                                         |                        |                  N/A |
+-----------------------------------------+------------------------+----------------------+
|   2  NVIDIA GeForce RTX 3090        On  |   00000000:49:00.0 Off |                  N/A |
| 30%   24C    P8             23W /  350W |       4MiB /  24576MiB |      0%      Default |
|                                         |                        |                  N/A |
+-----------------------------------------+------------------------+----------------------+
|   3  NVIDIA GeForce RTX 3090        On  |   00000000:64:00.0 Off |                  N/A |
| 30%   23C    P8             19W /  350W |       4MiB /  24576MiB |      0%      Default |
|                                         |                        |                  N/A |
+-----------------------------------------+------------------------+----------------------+
|   4  NVIDIA GeForce RTX 3090        On  |   00000000:98:00.0 Off |                  N/A |
| 68%   62C    P2            273W /  350W |   24100MiB /  24576MiB |    100%      Default |
|                                         |                        |                  N/A |
+-----------------------------------------+------------------------+----------------------+
|   5  NVIDIA GeForce RTX 3090        On  |   00000000:B1:00.0 Off |                  N/A |
| 54%   56C    P2            299W /  350W |   24080MiB /  24576MiB |     84%      Default |
|                                         |                        |                  N/A |
+-----------------------------------------+------------------------+----------------------+
|   6  NVIDIA GeForce RTX 3090        On  |   00000000:CA:00.0 Off |                  N/A |
| 72%   63C    P2            334W /  350W |   24102MiB /  24576MiB |    100%      Default |
|                                         |                        |                  N/A |
+-----------------------------------------+------------------------+----------------------+
|   7  NVIDIA GeForce RTX 3090        On  |   00000000:E3:00.0 Off |                  N/A |
| 56%   59C    P2            324W /  350W |   24078MiB /  24576MiB |    100%      Default |
|                                         |                        |                  N/A |
+-----------------------------------------+------------------------+----------------------+

+-----------------------------------------------------------------------------------------+
| Processes:                                                                              |
|  GPU   GI   CI              PID   Type   Process name                        GPU Memory |
|        ID   ID                                                               Usage      |
|=========================================================================================|
|    0   N/A  N/A         3060855      C   ...conda3/envs/maptr/bin/python3      23958MiB |
|    1   N/A  N/A         3060856      C   ...conda3/envs/maptr/bin/python3      23958MiB |
|    4   N/A  N/A           10072      C   ...dl-torch2110ds/bin/python3.13      24086MiB |
|    5   N/A  N/A           10073      C   ...dl-torch2110ds/bin/python3.13      24066MiB |
|    6   N/A  N/A           10332      C   ...dl-torch2110ds/bin/python3.13      24088MiB |
|    7   N/A  N/A           10333      C   ...dl-torch2110ds/bin/python3.13      24064MiB |
+-----------------------------------------------------------------------------------------+
[2026-06-06 15:03:46] Worker for GPU 2 is ready.
[2026-06-06 15:03:46] Worker for GPU 3 is ready.
[2026-06-06 15:03:46] START seq=scene_05_train gpu=3 output=/home/leizongru/lzr_ws/VINGS-Mono/output/scene_05_train log=/home/leizongru/lzr_ws/VINGS-Mono/logs/railway_7seq_20260606_150346/scene_05_train_gpu3.log
[2026-06-06 15:03:46] START seq=scene_11_train gpu=2 output=/home/leizongru/lzr_ws/VINGS-Mono/output/scene_11_train log=/home/leizongru/lzr_ws/VINGS-Mono/logs/railway_7seq_20260606_150346/scene_11_train_gpu2.log
[2026-06-06 15:03:48] FAIL  seq=scene_05_train gpu=3 status=1 log=/home/leizongru/lzr_ws/VINGS-Mono/logs/railway_7seq_20260606_150346/scene_05_train_gpu3.log
[2026-06-06 15:03:48] START seq=scene_13_train gpu=3 output=/home/leizongru/lzr_ws/VINGS-Mono/output/scene_13_train log=/home/leizongru/lzr_ws/VINGS-Mono/logs/railway_7seq_20260606_150346/scene_13_train_gpu3.log
[2026-06-06 15:03:48] FAIL  seq=scene_11_train gpu=2 status=1 log=/home/leizongru/lzr_ws/VINGS-Mono/logs/railway_7seq_20260606_150346/scene_11_train_gpu2.log
[2026-06-06 15:03:48] START seq=scene_14_train gpu=2 output=/home/leizongru/lzr_ws/VINGS-Mono/output/scene_14_train log=/home/leizongru/lzr_ws/VINGS-Mono/logs/railway_7seq_20260606_150346/scene_14_train_gpu2.log
[2026-06-06 15:03:50] FAIL  seq=scene_13_train gpu=3 status=1 log=/home/leizongru/lzr_ws/VINGS-Mono/logs/railway_7seq_20260606_150346/scene_13_train_gpu3.log
[2026-06-06 15:03:50] START seq=scene_16_train gpu=3 output=/home/leizongru/lzr_ws/VINGS-Mono/output/scene_16_train log=/home/leizongru/lzr_ws/VINGS-Mono/logs/railway_7seq_20260606_150346/scene_16_train_gpu3.log
[2026-06-06 15:03:50] FAIL  seq=scene_14_train gpu=2 status=1 log=/home/leizongru/lzr_ws/VINGS-Mono/logs/railway_7seq_20260606_150346/scene_14_train_gpu2.log
[2026-06-06 15:03:50] START seq=scene_17_train gpu=2 output=/home/leizongru/lzr_ws/VINGS-Mono/output/scene_17_train log=/home/leizongru/lzr_ws/VINGS-Mono/logs/railway_7seq_20260606_150346/scene_17_train_gpu2.log
[2026-06-06 15:03:52] FAIL  seq=scene_16_train gpu=3 status=1 log=/home/leizongru/lzr_ws/VINGS-Mono/logs/railway_7seq_20260606_150346/scene_16_train_gpu3.log
[2026-06-06 15:03:52] START seq=scene_19_train gpu=3 output=/home/leizongru/lzr_ws/VINGS-Mono/output/scene_19_train log=/home/leizongru/lzr_ws/VINGS-Mono/logs/railway_7seq_20260606_150346/scene_19_train_gpu3.log
[2026-06-06 15:03:52] FAIL  seq=scene_17_train gpu=2 status=1 log=/home/leizongru/lzr_ws/VINGS-Mono/logs/railway_7seq_20260606_150346/scene_17_train_gpu2.log
[2026-06-06 15:03:52] Worker for GPU 2 finished with 3 failure(s).
[2026-06-06 15:03:54] FAIL  seq=scene_19_train gpu=3 status=1 log=/home/leizongru/lzr_ws/VINGS-Mono/logs/railway_7seq_20260606_150346/scene_19_train_gpu3.log
[2026-06-06 15:03:54] Worker for GPU 3 finished with 4 failure(s).
[2026-06-06 15:03:54] Summary: ok=0 fail=7 run_dir=/home/leizongru/lzr_ws/VINGS-Mono/logs/railway_7seq_20260606_150346
[2026-06-06 15:03:54] Some sequences failed. Check logs under /home/leizongru/lzr_ws/VINGS-Mono/logs/railway_7seq_20260606_150346
