Run id: railway_7seq_20260606_150346
Sequence: scene_13_train
Physical GPU: 3
CUDA_VISIBLE_DEVICES=3
Config: /home/leizongru/lzr_ws/VINGS-Mono/logs/railway_7seq_20260606_150346/configs/scene_13_train.yaml
Output: /home/leizongru/lzr_ws/VINGS-Mono/output/scene_13_train
Start time: 2026-06-06 15:03:48

Sat Jun  6 15:03:48 2026       
+-----------------------------------------------------------------------------------------+
| NVIDIA-SMI 610.43.02              KMD Version: 610.43.02     CUDA UMD Version: 13.3     |
+-----------------------------------------+------------------------+----------------------+
| GPU  Name                 Persistence-M | Bus-Id          Disp.A | Volatile Uncorr. ECC |
| Fan  Temp   Perf          Pwr:Usage/Cap |           Memory-Usage | GPU-Util  Compute M. |
|                                         |                        |               MIG M. |
|=========================================+========================+======================|
|   3  NVIDIA GeForce RTX 3090        On  |   00000000:64:00.0 Off |                  N/A |
| 30%   23C    P8             19W /  350W |       4MiB /  24576MiB |      0%      Default |
|                                         |                        |                  N/A |
+-----------------------------------------+------------------------+----------------------+

+-----------------------------------------------------------------------------------------+
| Processes:                                                                              |
|  GPU   GI   CI              PID   Type   Process name                        GPU Memory |
|        ID   ID                                                               Usage      |
|=========================================================================================|
|  No running processes found                                                             |
+-----------------------------------------------------------------------------------------+

Writing sequence config...
Traceback (most recent call last):
  File "/home/leizongru/lzr_ws/VINGS-Mono/scripts/run.py", line 6, in <module>
    from frontend.dbaf import DBAFusion
  File "/home/leizongru/lzr_ws/VINGS-Mono/scripts/frontend/dbaf.py", line 5, in <module>
    from frontend.depth_video import DepthVideo
  File "/home/leizongru/lzr_ws/VINGS-Mono/scripts/frontend/depth_video.py", line 11, in <module>
    from frontend.multi_sensor import MultiSensorState
  File "/home/leizongru/lzr_ws/VINGS-Mono/scripts/frontend/multi_sensor.py", line 2, in <module>
    import gtsam
  File "/home/leizongru/miniconda3/envs/vings_vio/lib/python3.9/site-packages/gtsam/__init__.py", line 9, in <module>
    from gtsam import gtsam, utils
ImportError: libgtsam.so.4: cannot open shared object file: No such file or directory

End time: 2026-06-06 15:03:50
Exit status: 1
